2025-06-26 16:25:41 - INFO: 2025-06-26 16:25:41.623286
2025-06-26 16:25:41 - INFO: WORKSPACE: E:\HRM\Scripts\SDE\SQL\qa_RW_sdeadm.sde
2025-06-26 16:25:43 - INFO: 1/9) ADM_finance_boundaries//ADM_tax_designation
2025-06-26 16:25:43 - INFO: Running PID Area Rate Summary on ADM_tax_designation...
2025-06-26 16:25:43 - INFO: 	Running Identity analysis...
2025-06-26 16:28:13 - INFO: 	Exporting result of Frequency analysis to E:\HRM\Scripts\SDE\SQL\qa_RW_sdeadm.sde\SAP_ADM_tax_designation...
2025-06-26 16:28:45 - INFO: 2/9) LND_area_rate_ComFac_Serv
2025-06-26 16:28:47 - INFO: Running PID Area Rate Summary on LND_area_rate_ComFac_Serv...
2025-06-26 16:28:47 - INFO: 	Running Identity analysis...
2025-06-26 16:31:48 - INFO: 	Exporting result of Frequency analysis to E:\HRM\Scripts\SDE\SQL\qa_RW_sdeadm.sde\SAP_ComFac_Serv...
2025-06-26 16:32:23 - INFO: 3/9) LND_area_rate_Priv_Road
2025-06-26 16:32:23 - INFO: Private Roads Area Rate analysis...
2025-06-26 16:32:23 - INFO: Exporting Parcels...
2025-06-26 16:32:46 - INFO: R000
2025-06-26 16:32:46 - INFO: 	Exporting Area Rate code boundary...
2025-06-26 16:32:54 - INFO: 	Identity Analysis...
2025-06-26 16:34:11 - INFO: 	Frequency Analysis...
2025-06-26 16:34:42 - INFO: R010
2025-06-26 16:34:42 - INFO: 	Exporting Area Rate code boundary...
2025-06-26 16:34:50 - INFO: 	Identity Analysis...
2025-06-26 16:36:06 - INFO: 	Frequency Analysis...
2025-06-26 16:36:38 - INFO: R020
2025-06-26 16:36:38 - INFO: 	Exporting Area Rate code boundary...
2025-06-26 16:36:46 - INFO: 	Identity Analysis...
2025-06-26 16:38:01 - INFO: 	Frequency Analysis...
2025-06-26 16:38:31 - INFO: R030
2025-06-26 16:38:31 - INFO: 	Exporting Area Rate code boundary...
2025-06-26 16:38:39 - INFO: 	Identity Analysis...
2025-06-26 16:39:54 - INFO: 	Frequency Analysis...
2025-06-26 16:40:26 - INFO: R040
2025-06-26 16:40:26 - INFO: 	Exporting Area Rate code boundary...
2025-06-26 16:40:30 - INFO: 	Identity Analysis...
2025-06-26 16:41:43 - INFO: 	Frequency Analysis...
2025-06-26 16:42:14 - INFO: R050
2025-06-26 16:42:14 - INFO: 	Exporting Area Rate code boundary...
2025-06-26 16:42:18 - INFO: 	Identity Analysis...
2025-06-26 16:43:30 - INFO: 	Frequency Analysis...
2025-06-26 16:44:03 - INFO: R060
2025-06-26 16:44:03 - INFO: 	Exporting Area Rate code boundary...
2025-06-26 16:44:07 - INFO: 	Identity Analysis...
2025-06-26 16:45:24 - INFO: 	Frequency Analysis...
2025-06-26 16:45:54 - INFO: R070
2025-06-26 16:45:54 - INFO: 	Exporting Area Rate code boundary...
2025-06-26 16:45:58 - INFO: 	Identity Analysis...
2025-06-26 16:47:11 - INFO: 	Frequency Analysis...
2025-06-26 16:47:41 - INFO: R080
2025-06-26 16:47:41 - INFO: 	Exporting Area Rate code boundary...
2025-06-26 16:47:46 - INFO: 	Identity Analysis...
2025-06-26 16:48:56 - INFO: 	Frequency Analysis...
2025-06-26 16:49:26 - INFO: R090
2025-06-26 16:49:26 - INFO: 	Exporting Area Rate code boundary...
2025-06-26 16:49:30 - INFO: 	Identity Analysis...
2025-06-26 16:50:42 - INFO: 	Frequency Analysis...
2025-06-26 16:51:11 - INFO: R100
2025-06-26 16:51:11 - INFO: 	Exporting Area Rate code boundary...
2025-06-26 16:51:15 - INFO: 	Identity Analysis...
2025-06-26 16:52:30 - INFO: 	Frequency Analysis...
2025-06-26 16:52:58 - INFO: R110
2025-06-26 16:52:58 - INFO: 	Exporting Area Rate code boundary...
2025-06-26 16:53:03 - INFO: 	Identity Analysis...
2025-06-26 16:54:15 - INFO: 	Frequency Analysis...
2025-06-26 16:54:44 - INFO: R120
2025-06-26 16:54:44 - INFO: 	Exporting Area Rate code boundary...
2025-06-26 16:54:48 - INFO: 	Identity Analysis...
2025-06-26 16:56:02 - INFO: 	Frequency Analysis...
2025-06-26 16:56:33 - INFO: R130
2025-06-26 16:56:33 - INFO: 	Exporting Area Rate code boundary...
2025-06-26 16:56:37 - INFO: 	Identity Analysis...
2025-06-26 16:57:50 - INFO: 	Frequency Analysis...
2025-06-26 16:58:19 - INFO: R140
2025-06-26 16:58:19 - INFO: 	Exporting Area Rate code boundary...
2025-06-26 16:58:23 - INFO: 	Identity Analysis...
2025-06-26 16:59:33 - INFO: 	Frequency Analysis...
2025-06-26 17:00:03 - INFO: R150
2025-06-26 17:00:03 - INFO: 	Exporting Area Rate code boundary...
2025-06-26 17:00:07 - INFO: 	Identity Analysis...
2025-06-26 17:01:19 - INFO: 	Frequency Analysis...
2025-06-26 17:01:50 - INFO: R160
2025-06-26 17:01:50 - INFO: 	Exporting Area Rate code boundary...
2025-06-26 17:01:55 - INFO: 	Identity Analysis...
2025-06-26 17:03:06 - INFO: 	Frequency Analysis...
2025-06-26 17:03:39 - INFO: R170
2025-06-26 17:03:39 - INFO: 	Exporting Area Rate code boundary...
2025-06-26 17:03:43 - INFO: 	Identity Analysis...
2025-06-26 17:04:58 - INFO: 	Frequency Analysis...
2025-06-26 17:05:30 - INFO: R180
2025-06-26 17:05:30 - INFO: 	Exporting Area Rate code boundary...
2025-06-26 17:05:34 - INFO: 	Identity Analysis...
2025-06-26 17:06:46 - INFO: 	Frequency Analysis...
2025-06-26 17:07:19 - INFO: R190
2025-06-26 17:07:19 - INFO: 	Exporting Area Rate code boundary...
2025-06-26 17:07:23 - INFO: 	Identity Analysis...
2025-06-26 17:08:35 - INFO: 	Frequency Analysis...
2025-06-26 17:09:10 - INFO: R200
2025-06-26 17:09:10 - INFO: 	Exporting Area Rate code boundary...
2025-06-26 17:09:15 - INFO: 	Identity Analysis...
2025-06-26 17:10:26 - INFO: 	Frequency Analysis...
2025-06-26 17:10:57 - INFO: R210
2025-06-26 17:10:57 - INFO: 	Exporting Area Rate code boundary...
2025-06-26 17:11:02 - INFO: 	Identity Analysis...
2025-06-26 17:12:13 - INFO: 	Frequency Analysis...
2025-06-26 17:12:45 - INFO: Running PID Area Rate Summary on LND_area_rate_Priv_Road...
2025-06-26 17:12:45 - INFO: 	Running Identity analysis...
2025-06-26 17:15:17 - INFO: 	Exporting result of Frequency analysis to E:\HRM\Scripts\SDE\SQL\qa_RW_sdeadm.sde\SAP_Priv_Road...
2025-06-26 17:15:49 - INFO: 4/9) LND_area_rate_active_trans
2025-06-26 17:15:51 - INFO: Running PID Area Rate Summary on LND_area_rate_active_trans...
2025-06-26 17:15:51 - INFO: 	Running Identity analysis...
2025-06-26 17:18:26 - INFO: 	Exporting result of Frequency analysis to E:\HRM\Scripts\SDE\SQL\qa_RW_sdeadm.sde\SAP_active_trans...
2025-06-26 17:18:55 - INFO: 5/9) LND_area_rate_bid
2025-06-26 17:18:55 - INFO: Running PID Area Rate Summary on LND_area_rate_bid...
2025-06-26 17:18:55 - INFO: 	Running Identity analysis...
2025-06-26 17:21:20 - INFO: 	Exporting result of Frequency analysis to E:\HRM\Scripts\SDE\SQL\qa_RW_sdeadm.sde\SAP_bid...
2025-06-26 17:21:52 - INFO: 6/9) LND_area_rate_commercial
2025-06-26 17:21:52 - INFO: Running PID Area Rate Summary on LND_area_rate_commercial...
2025-06-26 17:21:52 - INFO: 	Running Identity analysis...
2025-06-26 17:24:30 - INFO: 	Exporting result of Frequency analysis to E:\HRM\Scripts\SDE\SQL\qa_RW_sdeadm.sde\SAP_commercial...
2025-06-26 17:25:03 - INFO: 7/9) LND_area_rate_fire_protection
2025-06-26 17:25:05 - INFO: Running PID Area Rate Summary on LND_area_rate_fire_protection...
2025-06-26 17:25:05 - INFO: 	Running Identity analysis...
2025-06-26 17:27:31 - INFO: 	Exporting result of Frequency analysis to E:\HRM\Scripts\SDE\SQL\qa_RW_sdeadm.sde\SAP_fire_protection...
2025-06-26 17:28:03 - INFO: 8/9) LND_area_rate_stormwater
2025-06-26 17:28:03 - INFO: Running PID Area Rate Summary on LND_area_rate_stormwater...
2025-06-26 17:28:03 - INFO: 	Running Identity analysis...
2025-06-26 17:30:31 - INFO: 	Exporting result of Frequency analysis to E:\HRM\Scripts\SDE\SQL\qa_RW_sdeadm.sde\SAP_stormwater...
2025-06-26 17:31:04 - INFO: 9/9) LND_area_rate_transit
2025-06-26 17:31:04 - INFO: Running PID Area Rate Summary on LND_area_rate_transit...
2025-06-26 17:31:04 - INFO: 	Running Identity analysis...
2025-06-26 17:39:19 - INFO: 	Exporting result of Frequency analysis to E:\HRM\Scripts\SDE\SQL\qa_RW_sdeadm.sde\SAP_transit...
2025-06-26 17:40:31 - INFO: 2025-06-26 17:40:31.215564
2025-08-11 10:25:18 - INFO: 2025-08-11 10:25:18.511388
2025-08-11 10:25:18 - INFO: WORKSPACE: E:\HRM\Scripts\SDE\SQL\Prod\prod_RW_sdeadm.sde
2025-08-11 10:25:20 - INFO: 1/9) ADM_finance_boundaries//ADM_tax_designation
2025-08-11 10:25:21 - INFO: Running PID Area Rate Summary on ADM_tax_designation...
2025-08-11 10:25:21 - INFO: 	Running Identity analysis...
2025-08-11 10:28:34 - INFO: 	Exporting result of Frequency analysis to E:\HRM\Scripts\SDE\SQL\Prod\prod_RW_sdeadm.sde\SAP_ADM_tax_designation...
2025-08-11 10:29:08 - INFO: 2/9) LND_area_rate_ComFac_Serv
2025-08-11 10:29:09 - INFO: Running PID Area Rate Summary on LND_area_rate_ComFac_Serv...
2025-08-11 10:29:09 - INFO: 	Running Identity analysis...
2025-08-11 10:31:52 - INFO: 	Exporting result of Frequency analysis to E:\HRM\Scripts\SDE\SQL\Prod\prod_RW_sdeadm.sde\SAP_ComFac_Serv...
2025-08-11 10:32:33 - INFO: 3/9) LND_area_rate_Priv_Road
2025-08-11 10:32:33 - INFO: Private Roads Area Rate analysis...
2025-08-11 10:32:33 - INFO: Exporting Parcels...
2025-08-11 10:32:59 - INFO: R000
2025-08-11 10:32:59 - INFO: 	Exporting Area Rate code boundary...
2025-08-11 10:33:09 - INFO: 	Identity Analysis...
2025-08-11 10:34:25 - INFO: 	Frequency Analysis...
2025-08-11 10:35:00 - INFO: R010
2025-08-11 10:35:00 - INFO: 	Exporting Area Rate code boundary...
2025-08-11 10:35:12 - INFO: 	Identity Analysis...
2025-08-11 10:36:26 - INFO: 	Frequency Analysis...
2025-08-11 10:36:57 - INFO: R020
2025-08-11 10:36:57 - INFO: 	Exporting Area Rate code boundary...
2025-08-11 10:37:06 - INFO: 	Identity Analysis...
2025-08-11 10:38:19 - INFO: 	Frequency Analysis...
2025-08-11 10:38:57 - INFO: R030
2025-08-11 10:38:57 - INFO: 	Exporting Area Rate code boundary...
2025-08-11 10:39:13 - INFO: 	Identity Analysis...
2025-08-11 10:40:25 - INFO: 	Frequency Analysis...
2025-08-11 10:41:20 - INFO: R040
2025-08-11 10:41:20 - INFO: 	Exporting Area Rate code boundary...
2025-08-11 10:41:30 - INFO: 	Identity Analysis...
2025-08-11 10:42:48 - INFO: 	Frequency Analysis...
2025-08-11 10:43:19 - INFO: R050
2025-08-11 10:43:19 - INFO: 	Exporting Area Rate code boundary...
2025-08-11 10:43:29 - INFO: 	Identity Analysis...
2025-08-11 10:44:41 - INFO: 	Frequency Analysis...
2025-08-11 10:45:13 - INFO: R060
2025-08-11 10:45:13 - INFO: 	Exporting Area Rate code boundary...
2025-08-11 10:45:23 - INFO: 	Identity Analysis...
2025-08-11 10:46:36 - INFO: 	Frequency Analysis...
2025-08-11 10:47:10 - INFO: R070
2025-08-11 10:47:10 - INFO: 	Exporting Area Rate code boundary...
2025-08-11 10:47:21 - INFO: 	Identity Analysis...
2025-08-11 10:48:34 - INFO: 	Frequency Analysis...
2025-08-11 10:49:06 - INFO: R080
2025-08-11 10:49:06 - INFO: 	Exporting Area Rate code boundary...
2025-08-11 10:49:15 - INFO: 	Identity Analysis...
2025-08-11 10:50:28 - INFO: 	Frequency Analysis...
2025-08-11 10:51:01 - INFO: R090
2025-08-11 10:51:01 - INFO: 	Exporting Area Rate code boundary...
2025-08-11 10:51:11 - INFO: 	Identity Analysis...
2025-08-11 10:52:23 - INFO: 	Frequency Analysis...
2025-08-11 10:52:56 - INFO: R100
2025-08-11 10:52:56 - INFO: 	Exporting Area Rate code boundary...
2025-08-11 10:53:05 - INFO: 	Identity Analysis...
2025-08-11 10:54:19 - INFO: 	Frequency Analysis...
2025-08-11 10:54:49 - INFO: R110
2025-08-11 10:54:49 - INFO: 	Exporting Area Rate code boundary...
2025-08-11 10:54:59 - INFO: 	Identity Analysis...
2025-08-11 10:56:11 - INFO: 	Frequency Analysis...
2025-08-11 10:56:42 - INFO: R120
2025-08-11 10:56:42 - INFO: 	Exporting Area Rate code boundary...
2025-08-11 10:56:51 - INFO: 	Identity Analysis...
2025-08-11 10:58:04 - INFO: 	Frequency Analysis...
2025-08-11 10:58:35 - INFO: R130
2025-08-11 10:58:35 - INFO: 	Exporting Area Rate code boundary...
2025-08-11 10:58:45 - INFO: 	Identity Analysis...
2025-08-11 10:59:56 - INFO: 	Frequency Analysis...
2025-08-11 11:00:30 - INFO: R140
2025-08-11 11:00:30 - INFO: 	Exporting Area Rate code boundary...
2025-08-11 11:00:39 - INFO: 	Identity Analysis...
2025-08-11 11:01:52 - INFO: 	Frequency Analysis...
2025-08-11 11:02:31 - INFO: R150
2025-08-11 11:02:31 - INFO: 	Exporting Area Rate code boundary...
2025-08-11 11:02:42 - INFO: 	Identity Analysis...
2025-08-11 11:03:56 - INFO: 	Frequency Analysis...
2025-08-11 11:04:27 - INFO: R160
2025-08-11 11:04:27 - INFO: 	Exporting Area Rate code boundary...
2025-08-11 11:04:36 - INFO: 	Identity Analysis...
2025-08-11 11:05:50 - INFO: 	Frequency Analysis...
2025-08-11 11:06:20 - INFO: R170
2025-08-11 11:06:20 - INFO: 	Exporting Area Rate code boundary...
2025-08-11 11:06:28 - INFO: 	Identity Analysis...
2025-08-11 11:07:41 - INFO: 	Frequency Analysis...
2025-08-11 11:08:12 - INFO: R180
2025-08-11 11:08:12 - INFO: 	Exporting Area Rate code boundary...
2025-08-11 11:08:20 - INFO: 	Identity Analysis...
2025-08-11 11:09:33 - INFO: 	Frequency Analysis...
2025-08-11 11:10:04 - INFO: R190
2025-08-11 11:10:04 - INFO: 	Exporting Area Rate code boundary...
2025-08-11 11:10:13 - INFO: 	Identity Analysis...
2025-08-11 11:11:26 - INFO: 	Frequency Analysis...
2025-08-11 11:11:57 - INFO: R200
2025-08-11 11:11:57 - INFO: 	Exporting Area Rate code boundary...
2025-08-11 11:12:06 - INFO: 	Identity Analysis...
2025-08-11 11:13:27 - INFO: 	Frequency Analysis...
2025-08-11 11:13:58 - INFO: R210
2025-08-11 11:13:58 - INFO: 	Exporting Area Rate code boundary...
2025-08-11 11:14:07 - INFO: 	Identity Analysis...
2025-08-11 11:15:20 - INFO: 	Frequency Analysis...
2025-08-11 11:15:57 - INFO: Running PID Area Rate Summary on LND_area_rate_Priv_Road...
2025-08-11 11:15:57 - INFO: 	Running Identity analysis...
2025-08-11 11:18:35 - INFO: 	Exporting result of Frequency analysis to E:\HRM\Scripts\SDE\SQL\Prod\prod_RW_sdeadm.sde\SAP_Priv_Road...
2025-08-11 11:19:07 - INFO: 4/9) LND_area_rate_active_trans
2025-08-11 11:19:10 - INFO: Running PID Area Rate Summary on LND_area_rate_active_trans...
2025-08-11 11:19:10 - INFO: 	Running Identity analysis...
2025-08-11 11:21:32 - INFO: 	Exporting result of Frequency analysis to E:\HRM\Scripts\SDE\SQL\Prod\prod_RW_sdeadm.sde\SAP_active_trans...
2025-08-11 11:22:00 - INFO: 5/9) LND_area_rate_bid
2025-08-11 11:22:01 - INFO: Running PID Area Rate Summary on LND_area_rate_bid...
2025-08-11 11:22:01 - INFO: 	Running Identity analysis...
2025-08-11 11:24:22 - INFO: 	Exporting result of Frequency analysis to E:\HRM\Scripts\SDE\SQL\Prod\prod_RW_sdeadm.sde\SAP_bid...
2025-08-11 11:24:55 - INFO: 6/9) LND_area_rate_commercial
2025-08-11 11:24:55 - INFO: Running PID Area Rate Summary on LND_area_rate_commercial...
2025-08-11 11:24:56 - INFO: 	Running Identity analysis...
2025-08-11 11:27:49 - INFO: 	Exporting result of Frequency analysis to E:\HRM\Scripts\SDE\SQL\Prod\prod_RW_sdeadm.sde\SAP_commercial...
2025-08-11 11:28:22 - INFO: 7/9) LND_area_rate_fire_protection
2025-08-11 11:28:24 - INFO: Running PID Area Rate Summary on LND_area_rate_fire_protection...
2025-08-11 11:28:24 - INFO: 	Running Identity analysis...
2025-08-11 11:30:57 - INFO: 	Exporting result of Frequency analysis to E:\HRM\Scripts\SDE\SQL\Prod\prod_RW_sdeadm.sde\SAP_fire_protection...
2025-08-11 11:31:28 - INFO: 8/9) LND_area_rate_stormwater
2025-08-11 11:31:28 - INFO: Running PID Area Rate Summary on LND_area_rate_stormwater...
2025-08-11 11:31:28 - INFO: 	Running Identity analysis...
2025-08-11 11:34:11 - INFO: 	Exporting result of Frequency analysis to E:\HRM\Scripts\SDE\SQL\Prod\prod_RW_sdeadm.sde\SAP_stormwater...
2025-08-11 11:34:41 - INFO: 9/9) LND_area_rate_transit
2025-08-11 11:34:42 - INFO: Running PID Area Rate Summary on LND_area_rate_transit...
2025-08-11 11:34:42 - INFO: 	Running Identity analysis...
2025-08-11 11:43:18 - INFO: 	Exporting result of Frequency analysis to E:\HRM\Scripts\SDE\SQL\Prod\prod_RW_sdeadm.sde\SAP_transit...
2025-08-11 11:44:19 - INFO: 2025-08-11 11:44:19.858181
2025-11-26 14:03:53 - INFO: 2025-11-26 14:03:53.394983
2025-11-26 14:03:53 - INFO: WORKSPACE: E:\HRM\Scripts\SDE\SQL\Prod\prod_RW_sdeadm.sde
2025-11-26 14:03:56 - INFO: 1/1) SDEADM.LND_area_rate_transit
2025-11-26 14:03:56 - INFO: Running PID Area Rate Summary on LND_area_rate_transit...
2025-11-26 14:03:56 - INFO: 	Running Identity analysis...
2025-11-26 14:13:01 - INFO: 	Exporting result of Frequency analysis to E:\HRM\Scripts\SDE\SQL\Prod\prod_RW_sdeadm.sde\SAP_transit...
2025-11-26 14:14:20 - INFO: 2025-11-26 14:14:20.897720
2025-12-16 11:51:15 - INFO: 2025-12-16 11:51:15.459822
2025-12-16 11:51:15 - INFO: WORKSPACE: E:\HRM\Scripts\SDE\SQL\qa_RW_sdeadm.sde
2025-12-16 11:51:17 - INFO: 1/9) ADM_finance_boundaries//ADM_tax_designation
2025-12-16 11:51:17 - INFO: Running PID Area Rate Summary on ADM_tax_designation...
2025-12-16 11:51:17 - INFO: 	Running Identity analysis...
2025-12-16 11:54:25 - INFO: 	Exporting result of Frequency analysis to E:\HRM\Scripts\SDE\SQL\qa_RW_sdeadm.sde\SAP_ADM_tax_designation...
2025-12-16 11:54:59 - INFO: 2/9) LND_area_rate_ComFac_Serv
2025-12-16 11:55:00 - INFO: Running PID Area Rate Summary on LND_area_rate_ComFac_Serv...
2025-12-16 11:55:00 - INFO: 	Running Identity analysis...
2025-12-16 11:57:54 - INFO: 	Exporting result of Frequency analysis to E:\HRM\Scripts\SDE\SQL\qa_RW_sdeadm.sde\SAP_ComFac_Serv...
2025-12-16 11:58:25 - INFO: 3/9) LND_area_rate_Priv_Road
2025-12-16 11:58:25 - INFO: Private Roads Area Rate analysis...
2025-12-16 11:58:25 - INFO: Exporting Parcels...
2025-12-16 11:58:50 - INFO: R000
2025-12-16 11:58:50 - INFO: 	Exporting Area Rate code boundary...
2025-12-16 11:59:00 - INFO: 	Identity Analysis...
2025-12-16 12:00:18 - INFO: 	Frequency Analysis...
2025-12-16 12:00:50 - INFO: R010
2025-12-16 12:00:50 - INFO: 	Exporting Area Rate code boundary...
2025-12-16 12:01:00 - INFO: 	Identity Analysis...
2025-12-16 12:02:24 - INFO: 	Frequency Analysis...
2025-12-16 12:02:57 - INFO: R020
2025-12-16 12:02:57 - INFO: 	Exporting Area Rate code boundary...
2025-12-16 12:03:07 - INFO: 	Identity Analysis...
2025-12-16 12:04:27 - INFO: 	Frequency Analysis...
2025-12-16 12:04:58 - INFO: R030
2025-12-16 12:04:58 - INFO: 	Exporting Area Rate code boundary...
2025-12-16 12:05:07 - INFO: 	Identity Analysis...
2025-12-16 12:06:21 - INFO: 	Frequency Analysis...
2025-12-16 12:06:52 - INFO: R040
2025-12-16 12:06:52 - INFO: 	Exporting Area Rate code boundary...
2025-12-16 12:07:02 - INFO: 	Identity Analysis...
2025-12-16 12:08:21 - INFO: 	Frequency Analysis...
2025-12-16 12:08:52 - INFO: R050
2025-12-16 12:08:52 - INFO: 	Exporting Area Rate code boundary...
2025-12-16 12:09:01 - INFO: 	Identity Analysis...
2025-12-16 12:10:17 - INFO: 	Frequency Analysis...
2025-12-16 12:10:50 - INFO: R060
2025-12-16 12:10:50 - INFO: 	Exporting Area Rate code boundary...
2025-12-16 12:10:59 - INFO: 	Identity Analysis...
2025-12-16 12:12:25 - INFO: 	Frequency Analysis...
2025-12-16 12:12:57 - INFO: R070
2025-12-16 12:12:57 - INFO: 	Exporting Area Rate code boundary...
2025-12-16 12:13:07 - INFO: 	Identity Analysis...
2025-12-16 12:14:22 - INFO: 	Frequency Analysis...
2025-12-16 12:14:55 - INFO: R080
2025-12-16 12:14:55 - INFO: 	Exporting Area Rate code boundary...
2025-12-16 12:15:05 - INFO: 	Identity Analysis...
2025-12-16 12:16:28 - INFO: 	Frequency Analysis...
2025-12-16 12:17:02 - INFO: R090
2025-12-16 12:17:02 - INFO: 	Exporting Area Rate code boundary...
2025-12-16 12:17:12 - INFO: 	Identity Analysis...
2025-12-16 12:18:36 - INFO: 	Frequency Analysis...
2025-12-16 12:19:07 - INFO: R100
2025-12-16 12:19:07 - INFO: 	Exporting Area Rate code boundary...
2025-12-16 12:19:17 - INFO: 	Identity Analysis...
2025-12-16 12:20:40 - INFO: 	Frequency Analysis...
2025-12-16 12:21:12 - INFO: R110
2025-12-16 12:21:12 - INFO: 	Exporting Area Rate code boundary...
2025-12-16 12:21:22 - INFO: 	Identity Analysis...
2025-12-16 12:22:41 - INFO: 	Frequency Analysis...
2025-12-16 12:23:12 - INFO: R120
2025-12-16 12:23:12 - INFO: 	Exporting Area Rate code boundary...
2025-12-16 12:23:22 - INFO: 	Identity Analysis...
2025-12-16 12:24:41 - INFO: 	Frequency Analysis...
2025-12-16 12:25:13 - INFO: R130
2025-12-16 12:25:13 - INFO: 	Exporting Area Rate code boundary...
2025-12-16 12:25:24 - INFO: 	Identity Analysis...
2025-12-16 12:26:44 - INFO: 	Frequency Analysis...
2025-12-16 12:27:16 - INFO: R140
2025-12-16 12:27:16 - INFO: 	Exporting Area Rate code boundary...
2025-12-16 12:27:26 - INFO: 	Identity Analysis...
2025-12-16 12:28:44 - INFO: 	Frequency Analysis...
2025-12-16 12:29:15 - INFO: R150
2025-12-16 12:29:15 - INFO: 	Exporting Area Rate code boundary...
2025-12-16 12:29:25 - INFO: 	Identity Analysis...
2025-12-16 12:30:44 - INFO: 	Frequency Analysis...
2025-12-16 12:31:16 - INFO: R160
2025-12-16 12:31:16 - INFO: 	Exporting Area Rate code boundary...
2025-12-16 12:31:26 - INFO: 	Identity Analysis...
2025-12-16 12:32:44 - INFO: 	Frequency Analysis...
2025-12-16 12:33:19 - INFO: R170
2025-12-16 12:33:19 - INFO: 	Exporting Area Rate code boundary...
2025-12-16 12:33:29 - INFO: 	Identity Analysis...
2025-12-16 12:34:46 - INFO: 	Frequency Analysis...
2025-12-16 12:35:18 - INFO: R180
2025-12-16 12:35:18 - INFO: 	Exporting Area Rate code boundary...
2025-12-16 12:35:28 - INFO: 	Identity Analysis...
2025-12-16 12:36:46 - INFO: 	Frequency Analysis...
2025-12-16 12:37:19 - INFO: R190
2025-12-16 12:37:19 - INFO: 	Exporting Area Rate code boundary...
2025-12-16 12:37:30 - INFO: 	Identity Analysis...
2025-12-16 12:38:53 - INFO: 	Frequency Analysis...
2025-12-16 12:39:24 - INFO: R200
2025-12-16 12:39:24 - INFO: 	Exporting Area Rate code boundary...
2025-12-16 12:39:34 - INFO: 	Identity Analysis...
2025-12-16 12:40:57 - INFO: 	Frequency Analysis...
2025-12-16 12:41:29 - INFO: R210
2025-12-16 12:41:29 - INFO: 	Exporting Area Rate code boundary...
2025-12-16 12:41:38 - INFO: 	Identity Analysis...
2025-12-16 12:42:55 - INFO: 	Frequency Analysis...
2025-12-16 12:43:30 - INFO: Running PID Area Rate Summary on LND_area_rate_Priv_Road...
2025-12-16 12:43:30 - INFO: 	Running Identity analysis...
2025-12-16 12:46:16 - INFO: 	Exporting result of Frequency analysis to E:\HRM\Scripts\SDE\SQL\qa_RW_sdeadm.sde\SAP_Priv_Road...
2025-12-16 12:46:54 - INFO: 4/9) LND_area_rate_active_trans
2025-12-16 12:46:55 - INFO: Running PID Area Rate Summary on LND_area_rate_active_trans...
2025-12-16 12:46:55 - INFO: 	Running Identity analysis...
2025-12-16 12:49:40 - INFO: 	Exporting result of Frequency analysis to E:\HRM\Scripts\SDE\SQL\qa_RW_sdeadm.sde\SAP_active_trans...
2025-12-16 12:50:17 - INFO: 5/9) LND_area_rate_bid
2025-12-16 12:50:19 - INFO: Running PID Area Rate Summary on LND_area_rate_bid...
2025-12-16 12:50:19 - INFO: 	Running Identity analysis...
2025-12-16 12:53:10 - INFO: 	Exporting result of Frequency analysis to E:\HRM\Scripts\SDE\SQL\qa_RW_sdeadm.sde\SAP_bid...
2025-12-16 12:53:49 - INFO: 6/9) LND_area_rate_commercial
2025-12-16 12:53:49 - INFO: Running PID Area Rate Summary on LND_area_rate_commercial...
2025-12-16 12:53:49 - INFO: 	Running Identity analysis...
2025-12-16 12:57:07 - INFO: 	Exporting result of Frequency analysis to E:\HRM\Scripts\SDE\SQL\qa_RW_sdeadm.sde\SAP_commercial...
2025-12-16 12:57:46 - INFO: 7/9) LND_area_rate_fire_protection
2025-12-16 12:57:47 - INFO: Running PID Area Rate Summary on LND_area_rate_fire_protection...
2025-12-16 12:57:47 - INFO: 	Running Identity analysis...
2025-12-16 13:00:46 - INFO: 	Exporting result of Frequency analysis to E:\HRM\Scripts\SDE\SQL\qa_RW_sdeadm.sde\SAP_fire_protection...
2025-12-16 13:01:22 - INFO: 8/9) LND_area_rate_stormwater
2025-12-16 13:01:22 - INFO: Running PID Area Rate Summary on LND_area_rate_stormwater...
2025-12-16 13:01:22 - INFO: 	Running Identity analysis...
2025-12-16 13:04:48 - INFO: 	Exporting result of Frequency analysis to E:\HRM\Scripts\SDE\SQL\qa_RW_sdeadm.sde\SAP_stormwater...
2025-12-16 13:05:28 - INFO: 9/9) LND_area_rate_transit
2025-12-16 13:05:28 - INFO: Running PID Area Rate Summary on LND_area_rate_transit...
2025-12-16 13:05:28 - INFO: 	Running Identity analysis...
2025-12-16 13:14:57 - INFO: 	Exporting result of Frequency analysis to E:\HRM\Scripts\SDE\SQL\qa_RW_sdeadm.sde\SAP_transit...
2025-12-16 13:16:05 - INFO: 2025-12-16 13:16:05.188381
2026-01-15 13:33:20 - INFO: 2026-01-15 13:33:20.399490
2026-01-15 13:33:20 - INFO: WORKSPACE: E:\HRM\Scripts\SDE\SQL\qa_RW_sdeadm.sde
2026-01-15 13:33:30 - INFO: 1/1) SDEADM.LND_area_rate_transit
2026-01-15 13:34:40 - INFO: 2026-01-15 13:34:40.441724
2026-01-15 13:34:40 - INFO: WORKSPACE: E:\HRM\Scripts\SDE\SQL\qa_RW_sdeadm.sde
2026-01-15 13:34:51 - INFO: 1/1) LND_area_rate_transit
2026-01-15 13:39:48 - INFO: 2026-01-15 13:39:48.304254
2026-01-15 13:39:48 - INFO: WORKSPACE: E:\HRM\Scripts\SDE\SQL\qa_RW_sdeadm.sde
2026-01-15 13:40:25 - INFO: 1/1) LND_area_rate_transit
2026-01-15 13:41:32 - INFO: 2026-01-15 13:41:32.074498
2026-01-15 13:41:32 - INFO: WORKSPACE: E:\HRM\Scripts\SDE\SQL\qa_RW_sdeadm.sde
2026-01-15 13:41:33 - INFO: 1/1) LND_area_rate_transit
2026-01-15 13:43:09 - INFO: 2026-01-15 13:43:09.945537
2026-01-15 13:43:09 - INFO: WORKSPACE: E:\HRM\Scripts\SDE\SQL\qa_RW_sdeadm.sde
2026-01-15 13:43:11 - INFO: 1/1) LND_area_rate_transit
2026-01-15 13:43:29 - INFO: Running PID Area Rate Summary on LND_area_rate_transit...
2026-01-15 13:43:29 - INFO: 	Running Identity analysis...
2026-01-15 13:47:48 - INFO: 	Exporting result of Frequency analysis to E:\HRM\Scripts\SDE\SQL\qa_RW_sdeadm.sde\SAP_transit...
2026-01-15 13:48:23 - INFO: 2026-01-15 13:48:23.335356
2026-01-19 14:37:43 - INFO: 2026-01-19 14:37:43.037153
2026-01-19 14:37:43 - INFO: WORKSPACE: E:\HRM\Scripts\SDE\SQL\qa_RW_sdeadm.sde
2026-01-19 14:37:44 - INFO: 1/9) ADM_finance_boundaries//ADM_tax_designation
2026-01-19 14:37:45 - INFO: Running PID Area Rate Summary on ADM_tax_designation...
2026-01-19 14:37:45 - INFO: 	Running Identity analysis...
2026-01-19 14:40:38 - INFO: 	Exporting result of Frequency analysis to E:\HRM\Scripts\SDE\SQL\qa_RW_sdeadm.sde\SAP_ADM_tax_designation...
2026-01-19 14:41:12 - INFO: 2/9) LND_area_rate_ComFac_Serv
2026-01-19 14:41:14 - INFO: Running PID Area Rate Summary on LND_area_rate_ComFac_Serv...
2026-01-19 14:41:14 - INFO: 	Running Identity analysis...
2026-01-19 14:44:08 - INFO: 	Exporting result of Frequency analysis to E:\HRM\Scripts\SDE\SQL\qa_RW_sdeadm.sde\SAP_ComFac_Serv...
2026-01-19 14:44:39 - INFO: 3/9) LND_area_rate_Priv_Road
2026-01-19 14:44:39 - INFO: Private Roads Area Rate analysis...
2026-01-19 14:44:40 - INFO: Exporting Parcels...
2026-01-19 14:45:08 - INFO: R000
2026-01-19 14:45:08 - INFO: 	Exporting Area Rate code boundary...
2026-01-19 14:45:20 - INFO: 	Identity Analysis...
2026-01-19 14:46:50 - INFO: 	Frequency Analysis...
2026-01-19 14:47:26 - INFO: R010
2026-01-19 14:47:26 - INFO: 	Exporting Area Rate code boundary...
2026-01-19 14:47:37 - INFO: 	Identity Analysis...
2026-01-19 14:49:03 - INFO: 	Frequency Analysis...
2026-01-19 14:49:35 - INFO: R020
2026-01-19 14:49:35 - INFO: 	Exporting Area Rate code boundary...
2026-01-19 14:49:46 - INFO: 	Identity Analysis...
2026-01-19 14:51:10 - INFO: 	Frequency Analysis...
2026-01-19 14:51:43 - INFO: R030
2026-01-19 14:51:43 - INFO: 	Exporting Area Rate code boundary...
2026-01-19 14:51:54 - INFO: 	Identity Analysis...
2026-01-19 14:53:28 - INFO: 	Frequency Analysis...
2026-01-19 14:54:05 - INFO: R040
2026-01-19 14:54:05 - INFO: 	Exporting Area Rate code boundary...
2026-01-19 14:54:17 - INFO: 	Identity Analysis...
2026-01-19 14:55:50 - INFO: 	Frequency Analysis...
2026-01-19 14:56:28 - INFO: R050
2026-01-19 14:56:28 - INFO: 	Exporting Area Rate code boundary...
2026-01-19 14:56:41 - INFO: 	Identity Analysis...
2026-01-19 14:58:06 - INFO: 	Frequency Analysis...
2026-01-19 14:58:37 - INFO: R060
2026-01-19 14:58:37 - INFO: 	Exporting Area Rate code boundary...
2026-01-19 14:58:48 - INFO: 	Identity Analysis...
2026-01-19 15:00:08 - INFO: 	Frequency Analysis...
2026-01-19 15:00:39 - INFO: R070
2026-01-19 15:00:39 - INFO: 	Exporting Area Rate code boundary...
2026-01-19 15:00:50 - INFO: 	Identity Analysis...
2026-01-19 15:02:12 - INFO: 	Frequency Analysis...
2026-01-19 15:02:43 - INFO: R080
2026-01-19 15:02:43 - INFO: 	Exporting Area Rate code boundary...
2026-01-19 15:02:54 - INFO: 	Identity Analysis...
2026-01-19 15:04:18 - INFO: 	Frequency Analysis...
2026-01-19 15:04:48 - INFO: R090
2026-01-19 15:04:48 - INFO: 	Exporting Area Rate code boundary...
2026-01-19 15:04:59 - INFO: 	Identity Analysis...
2026-01-19 15:06:24 - INFO: 	Frequency Analysis...
2026-01-19 15:06:55 - INFO: R100
2026-01-19 15:06:55 - INFO: 	Exporting Area Rate code boundary...
2026-01-19 15:07:05 - INFO: 	Identity Analysis...
2026-01-19 15:08:29 - INFO: 	Frequency Analysis...
2026-01-19 15:09:00 - INFO: R110
2026-01-19 15:09:00 - INFO: 	Exporting Area Rate code boundary...
2026-01-19 15:09:11 - INFO: 	Identity Analysis...
2026-01-19 15:10:42 - INFO: 	Frequency Analysis...
2026-01-19 15:11:17 - INFO: R120
2026-01-19 15:11:17 - INFO: 	Exporting Area Rate code boundary...
2026-01-19 15:11:29 - INFO: 	Identity Analysis...
2026-01-19 15:12:59 - INFO: 	Frequency Analysis...
2026-01-19 15:13:33 - INFO: R130
2026-01-19 15:13:33 - INFO: 	Exporting Area Rate code boundary...
2026-01-19 15:13:44 - INFO: 	Identity Analysis...
2026-01-19 15:15:11 - INFO: 	Frequency Analysis...
2026-01-19 15:15:42 - INFO: R140
2026-01-19 15:15:42 - INFO: 	Exporting Area Rate code boundary...
2026-01-19 15:15:54 - INFO: 	Identity Analysis...
2026-01-19 15:17:22 - INFO: 	Frequency Analysis...
2026-01-19 15:17:54 - INFO: R150
2026-01-19 15:17:54 - INFO: 	Exporting Area Rate code boundary...
2026-01-19 15:18:05 - INFO: 	Identity Analysis...
2026-01-19 15:19:29 - INFO: 	Frequency Analysis...
2026-01-19 15:20:03 - INFO: R160
2026-01-19 15:20:03 - INFO: 	Exporting Area Rate code boundary...
2026-01-19 15:20:30 - INFO: 	Identity Analysis...
2026-01-19 15:21:59 - INFO: 	Frequency Analysis...
2026-01-19 15:22:39 - INFO: R170
2026-01-19 15:22:39 - INFO: 	Exporting Area Rate code boundary...
2026-01-19 15:22:50 - INFO: 	Identity Analysis...
2026-01-19 15:24:17 - INFO: 	Frequency Analysis...
2026-01-19 15:24:49 - INFO: R180
2026-01-19 15:24:49 - INFO: 	Exporting Area Rate code boundary...
2026-01-19 15:24:59 - INFO: 	Identity Analysis...
2026-01-19 15:26:24 - INFO: 	Frequency Analysis...
2026-01-19 15:26:55 - INFO: R190
2026-01-19 15:26:55 - INFO: 	Exporting Area Rate code boundary...
2026-01-19 15:27:07 - INFO: 	Identity Analysis...
2026-01-19 15:28:32 - INFO: 	Frequency Analysis...
2026-01-19 15:29:03 - INFO: R200
2026-01-19 15:29:03 - INFO: 	Exporting Area Rate code boundary...
2026-01-19 15:29:13 - INFO: 	Identity Analysis...
2026-01-19 15:30:45 - INFO: 	Frequency Analysis...
2026-01-19 15:31:16 - INFO: R210
2026-01-19 15:31:16 - INFO: 	Exporting Area Rate code boundary...
2026-01-19 15:31:27 - INFO: 	Identity Analysis...
2026-01-19 15:32:54 - INFO: 	Frequency Analysis...
2026-01-19 15:33:29 - INFO: Running PID Area Rate Summary on LND_area_rate_Priv_Road...
2026-01-19 15:33:29 - INFO: 	Running Identity analysis...
2026-01-19 15:36:16 - INFO: 	Exporting result of Frequency analysis to E:\HRM\Scripts\SDE\SQL\qa_RW_sdeadm.sde\SAP_Priv_Road...
2026-01-19 15:36:47 - INFO: 4/9) LND_area_rate_active_trans
2026-01-19 15:36:48 - INFO: Running PID Area Rate Summary on LND_area_rate_active_trans...
2026-01-19 15:36:48 - INFO: 	Running Identity analysis...
2026-01-19 15:39:27 - INFO: 	Exporting result of Frequency analysis to E:\HRM\Scripts\SDE\SQL\qa_RW_sdeadm.sde\SAP_active_trans...
2026-01-19 15:39:57 - INFO: 5/9) LND_area_rate_bid
2026-01-19 15:39:58 - INFO: Running PID Area Rate Summary on LND_area_rate_bid...
2026-01-19 15:39:58 - INFO: 	Running Identity analysis...
2026-01-19 15:42:38 - INFO: 	Exporting result of Frequency analysis to E:\HRM\Scripts\SDE\SQL\qa_RW_sdeadm.sde\SAP_bid...
2026-01-19 15:43:08 - INFO: 6/9) LND_area_rate_commercial
2026-01-19 15:43:08 - INFO: Running PID Area Rate Summary on LND_area_rate_commercial...
2026-01-19 15:43:08 - INFO: 	Running Identity analysis...
2026-01-19 15:46:06 - INFO: 	Exporting result of Frequency analysis to E:\HRM\Scripts\SDE\SQL\qa_RW_sdeadm.sde\SAP_commercial...
2026-01-19 15:46:37 - INFO: 7/9) LND_area_rate_fire_protection
2026-01-19 15:46:39 - INFO: Running PID Area Rate Summary on LND_area_rate_fire_protection...
2026-01-19 15:46:39 - INFO: 	Running Identity analysis...
2026-01-19 15:49:27 - INFO: 	Exporting result of Frequency analysis to E:\HRM\Scripts\SDE\SQL\qa_RW_sdeadm.sde\SAP_fire_protection...
2026-01-19 15:49:59 - INFO: 8/9) LND_area_rate_stormwater
2026-01-19 15:50:00 - INFO: Running PID Area Rate Summary on LND_area_rate_stormwater...
2026-01-19 15:50:00 - INFO: 	Running Identity analysis...
2026-01-19 15:52:58 - INFO: 	Exporting result of Frequency analysis to E:\HRM\Scripts\SDE\SQL\qa_RW_sdeadm.sde\SAP_stormwater...
2026-01-19 15:53:28 - INFO: 9/9) LND_area_rate_transit
2026-01-19 15:55:20 - INFO: 2026-01-19 15:55:20.280133
2026-01-19 15:55:20 - INFO: WORKSPACE: E:\HRM\Scripts\SDE\SQL\qa_RW_sdeadm.sde
2026-01-19 15:55:21 - INFO: 1/1) LND_area_rate_transit
2026-01-19 15:55:30 - INFO: Running PID Area Rate Summary on LND_area_rate_transit...
2026-01-19 15:55:30 - INFO: 	Running Identity analysis...
2026-01-19 15:55:55 - INFO: 	Exporting result of Frequency analysis to E:\HRM\Scripts\SDE\SQL\qa_RW_sdeadm.sde\SAP_transit...
2026-01-19 15:56:24 - INFO: 2026-01-19 15:56:24.174075
2026-01-21 13:12:24 - INFO: 2026-01-21 13:12:24.789936
2026-01-21 13:12:24 - INFO: WORKSPACE: E:\HRM\Scripts\SDE\SQL\qa_RW_sdeadm.sde
2026-01-21 13:12:26 - INFO: 1/1) LND_area_rate_transit
2026-01-21 13:12:38 - INFO: Running PID Area Rate Summary on LND_area_rate_transit...
2026-01-21 13:12:38 - INFO: 	Running Identity analysis...
2026-01-21 13:16:08 - INFO: 	Exporting result of Frequency analysis to E:\HRM\Scripts\SDE\SQL\qa_RW_sdeadm.sde\SAP_transit...
2026-01-21 13:16:43 - INFO: 2026-01-21 13:16:43.829021
2026-01-22 13:43:25 - INFO: 2026-01-22 13:43:25.198901
2026-01-22 13:43:25 - INFO: WORKSPACE: E:\HRM\Scripts\SDE\SQL\qa_RW_sdeadm.sde
2026-01-22 13:43:26 - INFO: 1/9) ADM_finance_boundaries//ADM_tax_designation
2026-01-22 13:43:27 - INFO: Running PID Area Rate Summary on ADM_tax_designation...
2026-01-22 13:43:27 - INFO: 	Running Identity analysis...
2026-01-22 13:44:11 - INFO: 2026-01-22 13:44:11.851906
2026-01-22 13:44:11 - INFO: WORKSPACE: E:\HRM\Scripts\SDE\SQL\qa_RW_sdeadm.sde
2026-01-22 13:44:13 - INFO: 1/1) LND_area_rate_transit
2026-01-22 13:44:22 - INFO: Running PID Area Rate Summary on LND_area_rate_transit...
2026-01-22 13:44:22 - INFO: 	Running Identity analysis...
2026-01-22 15:23:48 - INFO: 2026-01-22 15:23:48.681037
2026-01-22 15:23:48 - INFO: WORKSPACE: E:\HRM\Scripts\SDE\SQL\qa_RW_sdeadm.sde
2026-01-22 15:23:50 - INFO: 1/1) LND_area_rate_transit
2026-01-22 15:23:59 - INFO: Running PID Area Rate Summary on LND_area_rate_transit...
2026-01-22 15:23:59 - INFO: 	Running Identity analysis...
2026-01-22 15:27:00 - INFO: 	Exporting result of Frequency analysis to E:\HRM\Scripts\SDE\SQL\qa_RW_sdeadm.sde\SAP_transit...
2026-01-22 15:27:32 - INFO: 2026-01-22 15:27:32.087613
2026-01-22 15:31:57 - INFO: 2026-01-22 15:31:57.012714
2026-01-22 15:31:57 - INFO: WORKSPACE: E:\HRM\Scripts\SDE\SQL\Prod\prod_RW_sdeadm.sde
2026-01-22 15:31:58 - INFO: 1/9) ADM_finance_boundaries//ADM_tax_designation
2026-01-22 15:31:59 - INFO: Running PID Area Rate Summary on ADM_tax_designation...
2026-01-22 15:31:59 - INFO: 	Running Identity analysis...
2026-01-22 15:35:14 - INFO: 	Exporting result of Frequency analysis to E:\HRM\Scripts\SDE\SQL\Prod\prod_RW_sdeadm.sde\SAP_ADM_tax_designation...
2026-01-22 15:35:48 - INFO: 2/9) LND_area_rate_ComFac_Serv
2026-01-22 15:35:49 - INFO: Running PID Area Rate Summary on LND_area_rate_ComFac_Serv...
2026-01-22 15:35:49 - INFO: 	Running Identity analysis...
2026-01-22 15:38:42 - INFO: 	Exporting result of Frequency analysis to E:\HRM\Scripts\SDE\SQL\Prod\prod_RW_sdeadm.sde\SAP_ComFac_Serv...
2026-01-22 15:39:19 - INFO: 3/9) LND_area_rate_Priv_Road
2026-01-22 15:39:19 - INFO: Private Roads Area Rate analysis...
2026-01-22 15:39:19 - INFO: Exporting Parcels...
2026-01-22 15:39:46 - INFO: R000
2026-01-22 15:39:46 - INFO: 	Exporting Area Rate code boundary...
2026-01-22 15:39:57 - INFO: 	Identity Analysis...
2026-01-22 15:41:11 - INFO: 	Frequency Analysis...
2026-01-22 15:41:42 - INFO: R010
2026-01-22 15:41:42 - INFO: 	Exporting Area Rate code boundary...
2026-01-22 15:41:53 - INFO: 	Identity Analysis...
2026-01-22 15:43:09 - INFO: 	Frequency Analysis...
2026-01-22 15:43:47 - INFO: R020
2026-01-22 15:43:47 - INFO: 	Exporting Area Rate code boundary...
2026-01-22 15:43:58 - INFO: 	Identity Analysis...
2026-01-22 15:45:13 - INFO: 	Frequency Analysis...
2026-01-22 15:45:47 - INFO: R030
2026-01-22 15:45:47 - INFO: 	Exporting Area Rate code boundary...
2026-01-22 15:45:58 - INFO: 	Identity Analysis...
2026-01-22 15:47:14 - INFO: 	Frequency Analysis...
2026-01-22 15:47:53 - INFO: R040
2026-01-22 15:47:53 - INFO: 	Exporting Area Rate code boundary...
2026-01-22 15:48:04 - INFO: 	Identity Analysis...
2026-01-22 15:49:18 - INFO: 	Frequency Analysis...
2026-01-22 15:49:55 - INFO: R050
2026-01-22 15:49:55 - INFO: 	Exporting Area Rate code boundary...
2026-01-22 15:50:05 - INFO: 	Identity Analysis...
2026-01-22 15:51:24 - INFO: 	Frequency Analysis...
2026-01-22 15:51:56 - INFO: R060
2026-01-22 15:51:56 - INFO: 	Exporting Area Rate code boundary...
2026-01-22 15:52:06 - INFO: 	Identity Analysis...
2026-01-22 15:53:25 - INFO: 	Frequency Analysis...
2026-01-22 15:53:58 - INFO: R070
2026-01-22 15:53:58 - INFO: 	Exporting Area Rate code boundary...
2026-01-22 15:54:10 - INFO: 	Identity Analysis...
2026-01-22 15:55:25 - INFO: 	Frequency Analysis...
2026-01-22 15:55:59 - INFO: R080
2026-01-22 15:55:59 - INFO: 	Exporting Area Rate code boundary...
2026-01-22 15:56:10 - INFO: 	Identity Analysis...
2026-01-22 15:57:23 - INFO: 	Frequency Analysis...
2026-01-22 15:57:54 - INFO: R090
2026-01-22 15:57:54 - INFO: 	Exporting Area Rate code boundary...
2026-01-22 15:58:05 - INFO: 	Identity Analysis...
2026-01-22 15:59:19 - INFO: 	Frequency Analysis...
2026-01-22 15:59:52 - INFO: R100
2026-01-22 15:59:52 - INFO: 	Exporting Area Rate code boundary...
2026-01-22 16:00:06 - INFO: 	Identity Analysis...
2026-01-22 16:01:24 - INFO: 	Frequency Analysis...
2026-01-22 16:02:20 - INFO: R110
2026-01-22 16:02:20 - INFO: 	Exporting Area Rate code boundary...
2026-01-22 16:02:32 - INFO: 	Identity Analysis...
2026-01-22 16:03:51 - INFO: 	Frequency Analysis...
2026-01-22 16:04:24 - INFO: R120
2026-01-22 16:04:24 - INFO: 	Exporting Area Rate code boundary...
2026-01-22 16:04:36 - INFO: 	Identity Analysis...
2026-01-22 16:05:53 - INFO: 	Frequency Analysis...
2026-01-22 16:06:24 - INFO: R130
2026-01-22 16:06:24 - INFO: 	Exporting Area Rate code boundary...
2026-01-22 16:06:35 - INFO: 	Identity Analysis...
2026-01-22 16:07:50 - INFO: 	Frequency Analysis...
2026-01-22 16:08:22 - INFO: R140
2026-01-22 16:08:22 - INFO: 	Exporting Area Rate code boundary...
2026-01-22 16:08:34 - INFO: 	Identity Analysis...
2026-01-22 16:09:49 - INFO: 	Frequency Analysis...
2026-01-22 16:10:20 - INFO: R150
2026-01-22 16:10:20 - INFO: 	Exporting Area Rate code boundary...
2026-01-22 16:10:30 - INFO: 	Identity Analysis...
2026-01-22 16:11:45 - INFO: 	Frequency Analysis...
2026-01-22 16:12:18 - INFO: R160
2026-01-22 16:12:18 - INFO: 	Exporting Area Rate code boundary...
2026-01-22 16:12:29 - INFO: 	Identity Analysis...
2026-01-22 16:13:47 - INFO: 	Frequency Analysis...
2026-01-22 16:14:20 - INFO: R170
2026-01-22 16:14:20 - INFO: 	Exporting Area Rate code boundary...
2026-01-22 16:14:31 - INFO: 	Identity Analysis...
2026-01-22 16:15:47 - INFO: 	Frequency Analysis...
2026-01-22 16:16:19 - INFO: R180
2026-01-22 16:16:19 - INFO: 	Exporting Area Rate code boundary...
2026-01-22 16:16:30 - INFO: 	Identity Analysis...
2026-01-22 16:17:45 - INFO: 	Frequency Analysis...
2026-01-22 16:18:23 - INFO: R190
2026-01-22 16:18:23 - INFO: 	Exporting Area Rate code boundary...
2026-01-22 16:18:34 - INFO: 	Identity Analysis...
2026-01-22 16:19:50 - INFO: 	Frequency Analysis...
2026-01-22 16:20:22 - INFO: R200
2026-01-22 16:20:22 - INFO: 	Exporting Area Rate code boundary...
2026-01-22 16:20:33 - INFO: 	Identity Analysis...
2026-01-22 16:21:57 - INFO: 	Frequency Analysis...
2026-01-22 16:22:29 - INFO: R210
2026-01-22 16:22:29 - INFO: 	Exporting Area Rate code boundary...
2026-01-22 16:22:40 - INFO: 	Identity Analysis...
2026-01-22 16:23:55 - INFO: 	Frequency Analysis...
2026-01-22 16:24:41 - INFO: Running PID Area Rate Summary on LND_area_rate_Priv_Road...
2026-01-22 16:24:41 - INFO: 	Running Identity analysis...
2026-01-22 16:27:34 - INFO: 	Exporting result of Frequency analysis to E:\HRM\Scripts\SDE\SQL\Prod\prod_RW_sdeadm.sde\SAP_Priv_Road...
2026-01-22 16:28:08 - INFO: 4/9) LND_area_rate_active_trans
2026-01-22 16:28:10 - INFO: Running PID Area Rate Summary on LND_area_rate_active_trans...
2026-01-22 16:28:10 - INFO: 	Running Identity analysis...
2026-01-22 16:30:34 - INFO: 	Exporting result of Frequency analysis to E:\HRM\Scripts\SDE\SQL\Prod\prod_RW_sdeadm.sde\SAP_active_trans...
2026-01-22 16:31:05 - INFO: 5/9) LND_area_rate_bid
2026-01-22 16:31:07 - INFO: Running PID Area Rate Summary on LND_area_rate_bid...
2026-01-22 16:31:07 - INFO: 	Running Identity analysis...
2026-01-22 16:33:45 - INFO: 	Exporting result of Frequency analysis to E:\HRM\Scripts\SDE\SQL\Prod\prod_RW_sdeadm.sde\SAP_bid...
2026-01-22 16:34:17 - INFO: 6/9) LND_area_rate_commercial
2026-01-22 16:34:18 - INFO: Running PID Area Rate Summary on LND_area_rate_commercial...
2026-01-22 16:34:18 - INFO: 	Running Identity analysis...
2026-01-22 16:37:11 - INFO: 	Exporting result of Frequency analysis to E:\HRM\Scripts\SDE\SQL\Prod\prod_RW_sdeadm.sde\SAP_commercial...
2026-01-22 16:37:43 - INFO: 7/9) LND_area_rate_fire_protection
2026-01-22 16:37:45 - INFO: Running PID Area Rate Summary on LND_area_rate_fire_protection...
2026-01-22 16:37:45 - INFO: 	Running Identity analysis...
2026-01-22 16:40:17 - INFO: 	Exporting result of Frequency analysis to E:\HRM\Scripts\SDE\SQL\Prod\prod_RW_sdeadm.sde\SAP_fire_protection...
2026-01-22 16:40:50 - INFO: 8/9) LND_area_rate_stormwater
2026-01-22 16:40:50 - INFO: Running PID Area Rate Summary on LND_area_rate_stormwater...
2026-01-22 16:40:50 - INFO: 	Running Identity analysis...
2026-01-22 16:43:37 - INFO: 	Exporting result of Frequency analysis to E:\HRM\Scripts\SDE\SQL\Prod\prod_RW_sdeadm.sde\SAP_stormwater...
2026-01-22 16:44:09 - INFO: 9/9) LND_area_rate_transit
2026-01-22 16:44:17 - INFO: Running PID Area Rate Summary on LND_area_rate_transit...
2026-01-22 16:44:17 - INFO: 	Running Identity analysis...
2026-01-22 16:47:06 - INFO: 	Exporting result of Frequency analysis to E:\HRM\Scripts\SDE\SQL\Prod\prod_RW_sdeadm.sde\SAP_transit...
2026-01-22 16:47:44 - INFO: 2026-01-22 16:47:44.096342
